commands.c:16:6:COMMAND_Init	56	dynamic
commands.c:69:6:Process_Input	24	static
commands.c:107:6:FAN_ON	8	static
commands.c:112:6:FAN_OFF	8	static
commands.c:118:6:FAN_20	8	static
commands.c:123:6:FAN_80	8	static
commands.c:128:6:PID_30	8	static
commands.c:137:6:PID_60	8	static
commands.c:146:6:PID_5	8	static
commands.c:154:6:PID_50	8	static
commands.c:163:6:PID_80	8	static
commands.c:171:6:Read_Buffer	32	static
commands.c:186:6:Write_To_Buffer	24	static
commands.c:195:6:Handle_Backspace	24	static
