commands.c:17:6:COMMAND_Init	56	dynamic
commands.c:71:6:Process_Input	24	static
commands.c:121:6:FAN_ON	8	static
commands.c:126:6:FAN_OFF	8	static
commands.c:132:6:FAN_20	8	static
commands.c:137:6:FAN_80	8	static
commands.c:142:6:PID_30	8	static
commands.c:151:6:PID_60	8	static
commands.c:160:6:PID_5	8	static
commands.c:168:6:PID_50	8	static
commands.c:177:6:PID_80	8	static
commands.c:186:6:PID_75	8	static
commands.c:195:6:PID_84	8	static
commands.c:204:6:PID_90	8	static
commands.c:213:6:PID_94	8	static
commands.c:224:6:Read_Buffer	32	static
commands.c:239:6:Write_To_Buffer	24	static
commands.c:248:6:Handle_Backspace	24	static
